Radek
Dodane
Dodane dwa
Dodane trzy
Dośćśńdane trzy
